#
# There is insufficient memory for the Java Runtime Environment to continue.
# Native memory allocation (malloc) failed to allocate 588560 bytes. Error detail: Chunk::new
# Possible reasons:
#   The system is out of physical RAM or swap space
#   This process is running with CompressedOops enabled, and the Java Heap may be blocking the growth of the native heap
# Possible solutions:
#   Reduce memory load on the system
#   Increase physical memory or swap space
#   Check if swap backing store is full
#   Decrease Java heap size (-Xmx/-Xms)
#   Decrease number of Java threads
#   Decrease Java thread stack sizes (-Xss)
#   Set larger code cache with -XX:ReservedCodeCacheSize=
#   JVM is running with Zero Based Compressed Oops mode in which the Java heap is
#     placed in the first 32GB address space. The Java Heap base address is the
#     maximum limit for the native heap growth. Please use -XX:HeapBaseMinAddress
#     to set the Java Heap base and to place the Java Heap above 32GB virtual address.
# This output file may be truncated or incomplete.
#
#  Out of Memory Error (arena.cpp:149), pid=10108, tid=19816
#
# JRE version: Java(TM) SE Runtime Environment (23.0+37) (build 23+37-2369)
# Java VM: Java HotSpot(TM) 64-Bit Server VM (23+37-2369, mixed mode, sharing, tiered, compressed oops, compressed class ptrs, g1 gc, windows-amd64)
# No core dump will be written. Minidumps are not enabled by default on client versions of Windows
#

---------------  S U M M A R Y ------------

Command Line: -javaagent:C:\Program Files\JetBrains\IntelliJ IDEA Community Edition 2025.1.1.1\lib\idea_rt.jar=59053 -Dfile.encoding=UTF-8 -Dsun.stdout.encoding=UTF-8 -Dsun.stderr.encoding=UTF-8 notification_service.NotificationServiceApplication

Host: AMD Ryzen 5 5600H with Radeon Graphics         , 12 cores, 15G,  Windows 11 , 64 bit Build 26100 (10.0.26100.8328)
Time: Thu May 14 13:09:13 2026 India Standard Time elapsed time: 61920.983879 seconds (0d 17h 12m 0s)

---------------  T H R E A D  ---------------

Current thread (0x0000028bdf0083c0):  JavaThread "C2 CompilerThread0" daemon [_thread_in_native, id=19816, stack(0x000000f564000000,0x000000f564100000) (1024K)]


Current CompileTask:
C2:61920984 6472       4       org.apache.kafka.common.protocol.SendBuilder::buildSend (94 bytes)

Stack: [0x000000f564000000,0x000000f564100000]
Native frames: (J=compiled Java code, j=interpreted, Vv=VM code, C=native code)
V  [jvm.dll+0x6e08a9]  (no source info available)
V  [jvm.dll+0x87da63]  (no source info available)
V  [jvm.dll+0x87feee]  (no source info available)
V  [jvm.dll+0x8805c3]  (no source info available)
V  [jvm.dll+0x27aee6]  (no source info available)
V  [jvm.dll+0xbc06f]  (no source info available)
V  [jvm.dll+0xbc2cb]  (no source info available)
V  [jvm.dll+0x3b3a9c]  (no source info available)
V  [jvm.dll+0x1dc19c]  (no source info available)
V  [jvm.dll+0x244be5]  (no source info available)
V  [jvm.dll+0x243dff]  (no source info available)
V  [jvm.dll+0x1c33a0]  (no source info available)
V  [jvm.dll+0x253cf1]  (no source info available)
V  [jvm.dll+0x251faa]  (no source info available)
V  [jvm.dll+0x3ee036]  (no source info available)
V  [jvm.dll+0x824f1b]  (no source info available)
V  [jvm.dll+0x6df055]  (no source info available)
C  [ucrtbase.dll+0x37b0]  (no source info available)
C  [KERNEL32.DLL+0x2e957]  (no source info available)
C  [ntdll.dll+0x427c]  (no source info available)

Lock stack of current Java thread (top to bottom):


---------------  P R O C E S S  ---------------

Threads class SMR info:
_java_thread_list=0x0000028be275e810, length=15, elements={
0x0000028bffdc8780, 0x0000028bffdc91e0, 0x0000028bffdcb910, 0x0000028bffdcc5f0,
0x0000028bffdce730, 0x0000028bffdcf2c0, 0x0000028bdf0083c0, 0x0000028bffdda250,
0x0000028bdf10c7d0, 0x0000028bdf283ad0, 0x0000028bdf54fcd0, 0x0000028be00c7670,
0x0000028be13bf1d0, 0x0000028bfa5d5110, 0x0000028bdf3fe810
}

Java Threads: ( => current thread )
  0x0000028bffdc8780 JavaThread "Reference Handler"          daemon [_thread_blocked, id=20036, stack(0x000000f563a00000,0x000000f563b00000) (1024K)]
  0x0000028bffdc91e0 JavaThread "Finalizer"                  daemon [_thread_blocked, id=29988, stack(0x000000f563b00000,0x000000f563c00000) (1024K)]
  0x0000028bffdcb910 JavaThread "Signal Dispatcher"          daemon [_thread_blocked, id=6040, stack(0x000000f563c00000,0x000000f563d00000) (1024K)]
  0x0000028bffdcc5f0 JavaThread "Attach Listener"            daemon [_thread_blocked, id=5336, stack(0x000000f563d00000,0x000000f563e00000) (1024K)]
  0x0000028bffdce730 JavaThread "Service Thread"             daemon [_thread_blocked, id=24328, stack(0x000000f563e00000,0x000000f563f00000) (1024K)]
  0x0000028bffdcf2c0 JavaThread "Monitor Deflation Thread"   daemon [_thread_blocked, id=7520, stack(0x000000f563f00000,0x000000f564000000) (1024K)]
=>0x0000028bdf0083c0 JavaThread "C2 CompilerThread0"         daemon [_thread_in_native, id=19816, stack(0x000000f564000000,0x000000f564100000) (1024K)]
  0x0000028bffdda250 JavaThread "C1 CompilerThread0"         daemon [_thread_blocked, id=15456, stack(0x000000f564100000,0x000000f564200000) (1024K)]
  0x0000028bdf10c7d0 JavaThread "Common-Cleaner"             daemon [_thread_blocked, id=22488, stack(0x000000f564200000,0x000000f564300000) (1024K)]
  0x0000028bdf283ad0 JavaThread "Monitor Ctrl-Break"         daemon [_thread_in_native, id=21164, stack(0x000000f564300000,0x000000f564400000) (1024K)]
  0x0000028bdf54fcd0 JavaThread "Notification Thread"        daemon [_thread_blocked, id=27856, stack(0x000000f564400000,0x000000f564500000) (1024K)]
  0x0000028be00c7670 JavaThread "ThreadPoolTaskScheduler-1"         [_thread_blocked, id=12616, stack(0x000000f565100000,0x000000f565200000) (1024K)]
  0x0000028be13bf1d0 JavaThread "org.springframework.kafka.KafkaListenerEndpointContainer#0-0-C-1"        [_thread_in_native, id=8560, stack(0x000000f565200000,0x000000f565300000) (1024K)]
  0x0000028bfa5d5110 JavaThread "DestroyJavaVM"                     [_thread_blocked, id=6460, stack(0x000000f563200000,0x000000f563300000) (1024K)]
  0x0000028bdf3fe810 JavaThread "kafka-coordinator-heartbeat-thread | notification-group" daemon [_thread_blocked, id=28460, stack(0x000000f565300000,0x000000f565400000) (1024K)]
Total: 15

Other Threads:
  0x0000028bffda7490 VMThread "VM Thread"                           [id=13216, stack(0x000000f563900000,0x000000f563a00000) (1024K)]
  0x0000028bffd93d00 WatcherThread "VM Periodic Task Thread"        [id=6240, stack(0x000000f563800000,0x000000f563900000) (1024K)]
  0x0000028bfa63c890 WorkerThread "GC Thread#0"                     [id=25984, stack(0x000000f563300000,0x000000f563400000) (1024K)]
  0x0000028bdfd90560 WorkerThread "GC Thread#1"                     [id=22792, stack(0x000000f564600000,0x000000f564700000) (1024K)]
  0x0000028bdfd90d20 WorkerThread "GC Thread#2"                     [id=2336, stack(0x000000f564700000,0x000000f564800000) (1024K)]
  0x0000028bdfd910d0 WorkerThread "GC Thread#3"                     [id=29372, stack(0x000000f564800000,0x000000f564900000) (1024K)]
  0x0000028bdfd91880 WorkerThread "GC Thread#4"                     [id=7372, stack(0x000000f564900000,0x000000f564a00000) (1024K)]
  0x0000028bdfd6be30 WorkerThread "GC Thread#5"                     [id=28888, stack(0x000000f564a00000,0x000000f564b00000) (1024K)]
  0x0000028bdfd75010 WorkerThread "GC Thread#6"                     [id=20204, stack(0x000000f564b00000,0x000000f564c00000) (1024K)]
  0x0000028bdfd753c0 WorkerThread "GC Thread#7"                     [id=23732, stack(0x000000f564c00000,0x000000f564d00000) (1024K)]
  0x0000028bdfd75b70 WorkerThread "GC Thread#8"                     [id=18820, stack(0x000000f564d00000,0x000000f564e00000) (1024K)]
  0x0000028bdfe9dbb0 WorkerThread "GC Thread#9"                     [id=33312, stack(0x000000f564e00000,0x000000f564f00000) (1024K)]
  0x0000028bfa652d50 ConcurrentGCThread "G1 Main Marker"            [id=33548, stack(0x000000f563400000,0x000000f563500000) (1024K)]
  0x0000028bfa654db0 WorkerThread "G1 Conc#0"                       [id=21412, stack(0x000000f563500000,0x000000f563600000) (1024K)]
  0x0000028be0ce7290 WorkerThread "G1 Conc#1"                       [id=33424, stack(0x000000f564f00000,0x000000f565000000) (1024K)]
  0x0000028be0ce6ee0 WorkerThread "G1 Conc#2"                       [id=10816, stack(0x000000f565000000,0x000000f565100000) (1024K)]
  0x0000028bfa68ea90 ConcurrentGCThread "G1 Refine#0"               [id=16656, stack(0x000000f563600000,0x000000f563700000) (1024K)]
  0x0000028bffc65390 ConcurrentGCThread "G1 Service"                [id=30040, stack(0x000000f563700000,0x000000f563800000) (1024K)]
Total: 18

Threads with active compile tasks:
C2 CompilerThread0  61923011 6472       4       org.apache.kafka.common.protocol.SendBuilder::buildSend (94 bytes)
Total: 1

VM state: not at safepoint (normal execution)

VM Mutex/Monitor currently owned by a thread: None

Heap address: 0x000000070a800000, size: 3928 MB, Compressed Oops mode: Zero based, Oop shift amount: 3

CDS archive(s) mapped at: [0x0000028b9a000000-0x0000028b9ad70000-0x0000028b9ad70000), size 14090240, SharedBaseAddress: 0x0000028b9a000000, ArchiveRelocationMode: 1.
Compressed class space mapped at: 0x0000028b9b000000-0x0000028bdb000000, reserved size: 1073741824
Narrow klass base: 0x0000028b9a000000, Narrow klass shift: 0, Narrow klass range: 0x41000000

GC Precious Log:
 CardTable entry size: 512
 Card Set container configuration: InlinePtr #cards 4 size 8 Array Of Cards #cards 16 size 48 Howl #buckets 8 coarsen threshold 3686 Howl Bitmap #cards 512 size 80 coarsen threshold 460 Card regions per heap region 1 cards per card region 4096
 CPUs: 12 total, 12 available
 Memory: 15710M
 Large Page Support: Disabled
 NUMA Support: Disabled
 Compressed Oops: Enabled (Zero based)
 Heap Region Size: 2M
 Heap Min Capacity: 8M
 Heap Initial Capacity: 246M
 Heap Max Capacity: 3928M
 Pre-touch: Disabled
 Parallel Workers: 10
 Concurrent Workers: 3
 Concurrent Refinement Workers: 10
 Periodic GC: Disabled

Heap:
 garbage-first heap   total reserved 4022272K, committed 40960K, used 19799K [0x000000070a800000, 0x0000000800000000)
  region size 2048K, 3 young (6144K), 1 survivors (2048K)
 Metaspace       used 44363K, committed 44992K, reserved 1114112K
  class space    used 5289K, committed 5568K, reserved 1048576K

Heap Regions: E=young(eden), S=young(survivor), O=old, HS=humongous(starts), HC=humongous(continues), CS=collection set, F=free, TAMS=top-at-mark-start, PB=parsable bottom
|   0|0x000000070a800000, 0x000000070aa00000, 0x000000070aa00000|100%| O|  |TAMS 0x000000070a800000| PB 0x000000070a800000| Untracked |  0
|   1|0x000000070aa00000, 0x000000070ac00000, 0x000000070ac00000|100%| O|  |TAMS 0x000000070aa00000| PB 0x000000070aa00000| Untracked |  0
|   2|0x000000070ac00000, 0x000000070ae00000, 0x000000070ae00000|100%| O|  |TAMS 0x000000070ac00000| PB 0x000000070ac00000| Untracked |  0
|   3|0x000000070ae00000, 0x000000070b000000, 0x000000070b000000|100%| O|  |TAMS 0x000000070ae00000| PB 0x000000070ae00000| Untracked |  0
|   4|0x000000070b000000, 0x000000070b200000, 0x000000070b200000|100%| O|  |TAMS 0x000000070b000000| PB 0x000000070b000000| Untracked |  0
|   5|0x000000070b200000, 0x000000070b400000, 0x000000070b400000|100%| O|  |TAMS 0x000000070b200000| PB 0x000000070b200000| Untracked |  0
|   6|0x000000070b400000, 0x000000070b600000, 0x000000070b600000|100%| O|  |TAMS 0x000000070b400000| PB 0x000000070b400000| Untracked |  0
|   7|0x000000070b600000, 0x000000070b600000, 0x000000070b800000|  0%| F|  |TAMS 0x000000070b600000| PB 0x000000070b600000| Untracked |  0
|   8|0x000000070b800000, 0x000000070ba00000, 0x000000070ba00000|100%| O|  |TAMS 0x000000070b800000| PB 0x000000070b800000| Untracked |  0
|   9|0x000000070ba00000, 0x000000070ba00000, 0x000000070bc00000|  0%| F|  |TAMS 0x000000070ba00000| PB 0x000000070ba00000| Untracked |  0
|  10|0x000000070bc00000, 0x000000070bcf2cf0, 0x000000070be00000| 47%| O|  |TAMS 0x000000070bc00000| PB 0x000000070bc00000| Untracked |  0
|  11|0x000000070be00000, 0x000000070be63090, 0x000000070c000000| 19%| S|CS|TAMS 0x000000070be00000| PB 0x000000070be00000| Complete |  0
|  12|0x000000070c000000, 0x000000070c000000, 0x000000070c200000|  0%| F|  |TAMS 0x000000070c000000| PB 0x000000070c000000| Untracked |  0
|  13|0x000000070c200000, 0x000000070c200000, 0x000000070c400000|  0%| F|  |TAMS 0x000000070c200000| PB 0x000000070c200000| Untracked |  0
|  14|0x000000070c400000, 0x000000070c400000, 0x000000070c600000|  0%| F|  |TAMS 0x000000070c400000| PB 0x000000070c400000| Untracked |  0
|  15|0x000000070c600000, 0x000000070c600000, 0x000000070c800000|  0%| F|  |TAMS 0x000000070c600000| PB 0x000000070c600000| Untracked |  0
| 101|0x0000000717200000, 0x0000000717200000, 0x0000000717400000|  0%| F|  |TAMS 0x0000000717200000| PB 0x0000000717200000| Untracked |  0
| 102|0x0000000717400000, 0x0000000717400000, 0x0000000717600000|  0%| F|  |TAMS 0x0000000717400000| PB 0x0000000717400000| Untracked |  0
| 103|0x0000000717600000, 0x00000007177e7d28, 0x0000000717800000| 95%| E|  |TAMS 0x0000000717600000| PB 0x0000000717600000| Complete |  0
| 122|0x0000000719c00000, 0x0000000719e00000, 0x0000000719e00000|100%| E|CS|TAMS 0x0000000719c00000| PB 0x0000000719c00000| Complete |  0

Card table byte_map: [0x0000028bfb4b0000,0x0000028bfbc60000] _byte_map_base: 0x0000028bf7c5c000

Marking Bits: (CMBitMap*) 0x0000028bfa63cea0
 Bits: [0x0000028bfbc60000, 0x0000028bff9c0000)

Polling page: 0x0000028bf83f0000

Metaspace:

Usage:
  Non-class:     38.16 MB used.
      Class:      5.17 MB used.
       Both:     43.32 MB used.

Virtual space:
  Non-class space:       64.00 MB reserved,      38.50 MB ( 60%) committed,  1 nodes.
      Class space:        1.00 GB reserved,       5.44 MB ( <1%) committed,  1 nodes.
             Both:        1.06 GB reserved,      43.94 MB (  4%) committed. 

Chunk freelists:
   Non-Class:  8.80 MB
       Class:  10.45 MB
        Both:  19.25 MB

MaxMetaspaceSize: unlimited
CompressedClassSpaceSize: 1.00 GB
Initial GC threshold: 21.00 MB
Current GC threshold: 58.75 MB
CDS: on
 - commit_granule_bytes: 65536.
 - commit_granule_words: 8192.
 - virtual_space_node_default_size: 8388608.
 - enlarge_chunks_in_place: 1.
 - use_allocation_guard: 0.


Internal statistics:

num_allocs_failed_limit: 6.
num_arena_births: 798.
num_arena_deaths: 0.
num_vsnodes_births: 2.
num_vsnodes_deaths: 0.
num_space_committed: 703.
num_space_uncommitted: 0.
num_chunks_returned_to_freelist: 6.
num_chunks_taken_from_freelist: 2133.
num_chunk_merges: 6.
num_chunk_splits: 1507.
num_chunks_enlarged: 1090.
num_inconsistent_stats: 0.

CodeHeap 'non-profiled nmethods': size=120064Kb used=3300Kb max_used=3300Kb free=116763Kb
 bounds [0x0000028b90130000, 0x0000028b90470000, 0x0000028b97670000]
CodeHeap 'profiled nmethods': size=120000Kb used=8990Kb max_used=8990Kb free=111009Kb
 bounds [0x0000028b88670000, 0x0000028b88f40000, 0x0000028b8fba0000]
CodeHeap 'non-nmethods': size=5696Kb used=1683Kb max_used=1734Kb free=4012Kb
 bounds [0x0000028b8fba0000, 0x0000028b8fe10000, 0x0000028b90130000]
CodeCache: size=245760Kb, used=13973Kb, max_used=14024Kb, free=231784Kb
 total_blobs=6827, nmethods=6090, adapters=641, full_count=0
Compilation: enabled, stopped_count=0, restarted_count=0

Compilation events (20 events):
Event: 61887.237 Thread 0x0000028bffdda250 6461  s    2       org.apache.kafka.clients.consumer.internals.AbstractCoordinator::pollHeartbeat (56 bytes)
Event: 61887.239 Thread 0x0000028bffdda250 nmethod 6461 0x0000028b88f35588 code [0x0000028b88f35740, 0x0000028b88f35cd8]
Event: 61887.239 Thread 0x0000028bffdda250 6462       2       org.apache.kafka.clients.consumer.internals.Heartbeat::poll (18 bytes)
Event: 61887.240 Thread 0x0000028bffdda250 nmethod 6462 0x0000028b88f35d88 code [0x0000028b88f35ee0, 0x0000028b88f360e8]
Event: 61887.279 Thread 0x0000028bdf0083c0 nmethod 6459 0x0000028b90465a88 code [0x0000028b90465d80, 0x0000028b90467378]
Event: 61888.673 Thread 0x0000028bdf0083c0 6466       4       java.util.concurrent.ScheduledThreadPoolExecutor::canRunInCurrentRunState (61 bytes)
Event: 61888.677 Thread 0x0000028bdf0083c0 nmethod 6466 0x0000028b90467608 code [0x0000028b90467700, 0x0000028b904677c0]
Event: 61888.677 Thread 0x0000028bdf0083c0 6467       4       java.util.concurrent.ThreadPoolExecutor::runStateAtLeast (11 bytes)
Event: 61888.678 Thread 0x0000028bdf0083c0 nmethod 6467 0x0000028b90467908 code [0x0000028b90467a00, 0x0000028b90467a88]
Event: 61894.745 Thread 0x0000028bdf0083c0 6468       4       sun.nio.ch.Util$2::iterator (10 bytes)
Event: 61894.758 Thread 0x0000028bdf0083c0 nmethod 6468 0x0000028b90467c08 code [0x0000028b90467d80, 0x0000028b904685e0]
Event: 61895.763 Thread 0x0000028bdf0083c0 6469       4       org.apache.kafka.clients.InFlightRequests::canSendMore (66 bytes)
Event: 61895.774 Thread 0x0000028bdf0083c0 nmethod 6469 0x0000028b90468708 code [0x0000028b904688c0, 0x0000028b90469000]
Event: 61906.316 Thread 0x0000028bffdda250 6470       3       org.apache.kafka.clients.ClusterConnectionStates::connectionDelay (76 bytes)
Event: 61906.316 Thread 0x0000028bffdda250 nmethod 6470 0x0000028b88f36188 code [0x0000028b88f36320, 0x0000028b88f36968]
Event: 61907.833 Thread 0x0000028bffdda250 6471       3       org.apache.kafka.clients.ClusterConnectionStates::pollDelayMs (33 bytes)
Event: 61907.833 Thread 0x0000028bffdda250 nmethod 6471 0x0000028b88f36a08 code [0x0000028b88f36b80, 0x0000028b88f37160]
Event: 61917.822 Thread 0x0000028bdf0083c0 6472       4       org.apache.kafka.common.protocol.SendBuilder::buildSend (94 bytes)
Event: 61920.832 Thread 0x0000028bffdda250 6473       3       java.util.concurrent.ConcurrentLinkedQueue$Itr::next (96 bytes)
Event: 61920.834 Thread 0x0000028bffdda250 nmethod 6473 0x0000028b88f37208 code [0x0000028b88f37380, 0x0000028b88f37a68]

GC Heap History (20 events):
Event: 17387.234 GC heap before
{Heap before GC invocations=40 (full 0):
 garbage-first heap   total reserved 4022272K, committed 40960K, used 34281K [0x000000070a800000, 0x0000000800000000)
  region size 2048K, 9 young (18432K), 1 survivors (2048K)
 Metaspace       used 44263K, committed 44928K, reserved 1114112K
  class space    used 5280K, committed 5568K, reserved 1048576K
}
Event: 17387.236 GC heap after
{Heap after GC invocations=41 (full 0):
 garbage-first heap   total reserved 4022272K, committed 40960K, used 17817K [0x000000070a800000, 0x0000000800000000)
  region size 2048K, 1 young (2048K), 1 survivors (2048K)
 Metaspace       used 44263K, committed 44928K, reserved 1114112K
  class space    used 5280K, committed 5568K, reserved 1048576K
}
Event: 17856.641 GC heap before
{Heap before GC invocations=41 (full 0):
 garbage-first heap   total reserved 4022272K, committed 40960K, used 34201K [0x000000070a800000, 0x0000000800000000)
  region size 2048K, 9 young (18432K), 1 survivors (2048K)
 Metaspace       used 44263K, committed 44928K, reserved 1114112K
  class space    used 5280K, committed 5568K, reserved 1048576K
}
Event: 17856.643 GC heap after
{Heap after GC invocations=42 (full 0):
 garbage-first heap   total reserved 4022272K, committed 40960K, used 17771K [0x000000070a800000, 0x0000000800000000)
  region size 2048K, 1 young (2048K), 1 survivors (2048K)
 Metaspace       used 44263K, committed 44928K, reserved 1114112K
  class space    used 5280K, committed 5568K, reserved 1048576K
}
Event: 18304.799 GC heap before
{Heap before GC invocations=42 (full 0):
 garbage-first heap   total reserved 4022272K, committed 40960K, used 34155K [0x000000070a800000, 0x0000000800000000)
  region size 2048K, 9 young (18432K), 1 survivors (2048K)
 Metaspace       used 44308K, committed 44928K, reserved 1114112K
  class space    used 5281K, committed 5568K, reserved 1048576K
}
Event: 18304.801 GC heap after
{Heap after GC invocations=43 (full 0):
 garbage-first heap   total reserved 4022272K, committed 40960K, used 17813K [0x000000070a800000, 0x0000000800000000)
  region size 2048K, 1 young (2048K), 1 survivors (2048K)
 Metaspace       used 44308K, committed 44928K, reserved 1114112K
  class space    used 5281K, committed 5568K, reserved 1048576K
}
Event: 18775.215 GC heap before
{Heap before GC invocations=43 (full 0):
 garbage-first heap   total reserved 4022272K, committed 40960K, used 34197K [0x000000070a800000, 0x0000000800000000)
  region size 2048K, 9 young (18432K), 1 survivors (2048K)
 Metaspace       used 44308K, committed 44928K, reserved 1114112K
  class space    used 5281K, committed 5568K, reserved 1048576K
}
Event: 18775.217 GC heap after
{Heap after GC invocations=44 (full 0):
 garbage-first heap   total reserved 4022272K, committed 40960K, used 17784K [0x000000070a800000, 0x0000000800000000)
  region size 2048K, 1 young (2048K), 1 survivors (2048K)
 Metaspace       used 44308K, committed 44928K, reserved 1114112K
  class space    used 5281K, committed 5568K, reserved 1048576K
}
Event: 19243.373 GC heap before
{Heap before GC invocations=44 (full 0):
 garbage-first heap   total reserved 4022272K, committed 40960K, used 34168K [0x000000070a800000, 0x0000000800000000)
  region size 2048K, 9 young (18432K), 1 survivors (2048K)
 Metaspace       used 44310K, committed 44928K, reserved 1114112K
  class space    used 5281K, committed 5568K, reserved 1048576K
}
Event: 19243.375 GC heap after
{Heap after GC invocations=45 (full 0):
 garbage-first heap   total reserved 4022272K, committed 40960K, used 17789K [0x000000070a800000, 0x0000000800000000)
  region size 2048K, 1 young (2048K), 1 survivors (2048K)
 Metaspace       used 44310K, committed 44928K, reserved 1114112K
  class space    used 5281K, committed 5568K, reserved 1048576K
}
Event: 19717.327 GC heap before
{Heap before GC invocations=45 (full 0):
 garbage-first heap   total reserved 4022272K, committed 40960K, used 34173K [0x000000070a800000, 0x0000000800000000)
  region size 2048K, 9 young (18432K), 1 survivors (2048K)
 Metaspace       used 44310K, committed 44928K, reserved 1114112K
  class space    used 5281K, committed 5568K, reserved 1048576K
}
Event: 19717.337 GC heap after
{Heap after GC invocations=46 (full 0):
 garbage-first heap   total reserved 4022272K, committed 40960K, used 17780K [0x000000070a800000, 0x0000000800000000)
  region size 2048K, 1 young (2048K), 1 survivors (2048K)
 Metaspace       used 44310K, committed 44928K, reserved 1114112K
  class space    used 5281K, committed 5568K, reserved 1048576K
}
Event: 20189.851 GC heap before
{Heap before GC invocations=46 (full 0):
 garbage-first heap   total reserved 4022272K, committed 40960K, used 34164K [0x000000070a800000, 0x0000000800000000)
  region size 2048K, 9 young (18432K), 1 survivors (2048K)
 Metaspace       used 44310K, committed 44928K, reserved 1114112K
  class space    used 5281K, committed 5568K, reserved 1048576K
}
Event: 20189.854 GC heap after
{Heap after GC invocations=47 (full 0):
 garbage-first heap   total reserved 4022272K, committed 40960K, used 17771K [0x000000070a800000, 0x0000000800000000)
  region size 2048K, 1 young (2048K), 1 survivors (2048K)
 Metaspace       used 44310K, committed 44928K, reserved 1114112K
  class space    used 5281K, committed 5568K, reserved 1048576K
}
Event: 20664.079 GC heap before
{Heap before GC invocations=47 (full 0):
 garbage-first heap   total reserved 4022272K, committed 40960K, used 34155K [0x000000070a800000, 0x0000000800000000)
  region size 2048K, 9 young (18432K), 1 survivors (2048K)
 Metaspace       used 44310K, committed 44928K, reserved 1114112K
  class space    used 5281K, committed 5568K, reserved 1048576K
}
Event: 20664.089 GC heap after
{Heap after GC invocations=48 (full 0):
 garbage-first heap   total reserved 4022272K, committed 40960K, used 17779K [0x000000070a800000, 0x0000000800000000)
  region size 2048K, 1 young (2048K), 1 survivors (2048K)
 Metaspace       used 44310K, committed 44928K, reserved 1114112K
  class space    used 5281K, committed 5568K, reserved 1048576K
}
Event: 21136.283 GC heap before
{Heap before GC invocations=48 (full 0):
 garbage-first heap   total reserved 4022272K, committed 40960K, used 34163K [0x000000070a800000, 0x0000000800000000)
  region size 2048K, 9 young (18432K), 1 survivors (2048K)
 Metaspace       used 44310K, committed 44928K, reserved 1114112K
  class space    used 5281K, committed 5568K, reserved 1048576K
}
Event: 21136.288 GC heap after
{Heap after GC invocations=49 (full 0):
 garbage-first heap   total reserved 4022272K, committed 40960K, used 17737K [0x000000070a800000, 0x0000000800000000)
  region size 2048K, 1 young (2048K), 1 survivors (2048K)
 Metaspace       used 44310K, committed 44928K, reserved 1114112K
  class space    used 5281K, committed 5568K, reserved 1048576K
}
Event: 21608.345 GC heap before
{Heap before GC invocations=49 (full 0):
 garbage-first heap   total reserved 4022272K, committed 40960K, used 34121K [0x000000070a800000, 0x0000000800000000)
  region size 2048K, 9 young (18432K), 1 survivors (2048K)
 Metaspace       used 44310K, committed 44928K, reserved 1114112K
  class space    used 5281K, committed 5568K, reserved 1048576K
}
Event: 21608.356 GC heap after
{Heap after GC invocations=50 (full 0):
 garbage-first heap   total reserved 4022272K, committed 40960K, used 17751K [0x000000070a800000, 0x0000000800000000)
  region size 2048K, 1 young (2048K), 1 survivors (2048K)
 Metaspace       used 44310K, committed 44928K, reserved 1114112K
  class space    used 5281K, committed 5568K, reserved 1048576K
}

Dll operation events (12 events):
Event: 0.022 Loaded shared library C:\Users\royli\Downloads\jdk-23_windows-x64_bin\jdk-23\bin\java.dll
Event: 0.075 Loaded shared library C:\Users\royli\Downloads\jdk-23_windows-x64_bin\jdk-23\bin\jsvml.dll
Event: 0.229 Loaded shared library C:\Users\royli\Downloads\jdk-23_windows-x64_bin\jdk-23\bin\zip.dll
Event: 0.237 Loaded shared library C:\Users\royli\Downloads\jdk-23_windows-x64_bin\jdk-23\bin\instrument.dll
Event: 0.246 Loaded shared library C:\Users\royli\Downloads\jdk-23_windows-x64_bin\jdk-23\bin\net.dll
Event: 0.250 Loaded shared library C:\Users\royli\Downloads\jdk-23_windows-x64_bin\jdk-23\bin\nio.dll
Event: 0.256 Loaded shared library C:\Users\royli\Downloads\jdk-23_windows-x64_bin\jdk-23\bin\zip.dll
Event: 0.853 Loaded shared library C:\Users\royli\Downloads\jdk-23_windows-x64_bin\jdk-23\bin\extnet.dll
Event: 0.898 Loaded shared library C:\Users\royli\Downloads\jdk-23_windows-x64_bin\jdk-23\bin\jimage.dll
Event: 4.437 Loaded shared library C:\Users\royli\Downloads\jdk-23_windows-x64_bin\jdk-23\bin\management.dll
Event: 4.448 Loaded shared library C:\Users\royli\Downloads\jdk-23_windows-x64_bin\jdk-23\bin\management_ext.dll
Event: 4.700 Loaded shared library C:\Users\royli\Downloads\jdk-23_windows-x64_bin\jdk-23\bin\sunmscapi.dll

Deoptimization events (20 events):
Event: 61877.359 Thread 0x0000028be13bf1d0 Uncommon trap: trap_request=0xffffff45 fr.pc=0x0000028b9036f214 relative=0x0000000000000274
Event: 61877.359 Thread 0x0000028be13bf1d0 Uncommon trap: reason=unstable_if action=reinterpret pc=0x0000028b9036f214 method=java.util.concurrent.ConcurrentLinkedQueue$Itr.next()Ljava/lang/Object; @ 34 c2
Event: 61877.359 Thread 0x0000028be13bf1d0 DEOPT PACKING pc=0x0000028b9036f214 sp=0x000000f5652fe9a0
Event: 61877.359 Thread 0x0000028be13bf1d0 DEOPT UNPACKING pc=0x0000028b8fbf4402 sp=0x000000f5652fe940 mode 2
Event: 61878.204 Thread 0x0000028be13bf1d0 Uncommon trap: trap_request=0xffffffc6 fr.pc=0x0000028b9042d9bc relative=0x00000000000002bc
Event: 61878.204 Thread 0x0000028be13bf1d0 Uncommon trap: reason=bimorphic_or_optimized_type_check action=maybe_recompile pc=0x0000028b9042d9bc method=org.apache.kafka.clients.consumer.internals.RequestFuture$1.onSuccess(Ljava/lang/Object;)V @ 9 c2
Event: 61878.204 Thread 0x0000028be13bf1d0 DEOPT PACKING pc=0x0000028b9042d9bc sp=0x000000f5652fe920
Event: 61878.204 Thread 0x0000028be13bf1d0 DEOPT UNPACKING pc=0x0000028b8fbf4402 sp=0x000000f5652fe8c0 mode 2
Event: 61878.207 Thread 0x0000028be13bf1d0 Uncommon trap: trap_request=0xffffff45 fr.pc=0x0000028b904452a8 relative=0x0000000000001b88
Event: 61878.207 Thread 0x0000028be13bf1d0 Uncommon trap: reason=unstable_if action=reinterpret pc=0x0000028b904452a8 method=org.apache.kafka.common.requests.FetchMetadata.isFull()Z @ 4 c2
Event: 61878.207 Thread 0x0000028be13bf1d0 DEOPT PACKING pc=0x0000028b904452a8 sp=0x000000f5652feb60
Event: 61878.207 Thread 0x0000028be13bf1d0 DEOPT UNPACKING pc=0x0000028b8fbf4402 sp=0x000000f5652fead8 mode 2
Event: 61878.208 Thread 0x0000028be13bf1d0 Uncommon trap: trap_request=0xffffffde fr.pc=0x0000028b9044f1f8 relative=0x0000000000002ff8
Event: 61878.208 Thread 0x0000028be13bf1d0 Uncommon trap: reason=class_check action=maybe_recompile pc=0x0000028b9044f1f8 method=org.apache.kafka.common.requests.FetchRequest$Builder.addToForgottenTopicMap(Ljava/util/List;Ljava/util/Map;)V @ 7 c2
Event: 61878.208 Thread 0x0000028be13bf1d0 DEOPT PACKING pc=0x0000028b9044f1f8 sp=0x000000f5652fe9f0
Event: 61878.208 Thread 0x0000028be13bf1d0 DEOPT UNPACKING pc=0x0000028b8fbf4402 sp=0x000000f5652fe938 mode 2
Event: 61880.455 Thread 0x0000028be13bf1d0 Uncommon trap: trap_request=0xffffff45 fr.pc=0x0000028b903954e0 relative=0x0000000000000fa0
Event: 61880.455 Thread 0x0000028be13bf1d0 Uncommon trap: reason=unstable_if action=reinterpret pc=0x0000028b903954e0 method=org.apache.kafka.common.requests.FetchMetadata.isFull()Z @ 4 c2
Event: 61880.455 Thread 0x0000028be13bf1d0 DEOPT PACKING pc=0x0000028b903954e0 sp=0x000000f5652fe910
Event: 61880.455 Thread 0x0000028be13bf1d0 DEOPT UNPACKING pc=0x0000028b8fbf4402 sp=0x000000f5652fe888 mode 2

Classes loaded (20 events):
Event: 16614.280 Loading class sun/security/ssl/Alert$Level
Event: 16614.280 Loading class sun/security/ssl/Alert$Level done
Event: 16615.115 Loading class sun/security/ssl/PreSharedKeyExtension$PskIdentity
Event: 16615.115 Loading class sun/security/ssl/PreSharedKeyExtension$PskIdentity done
Event: 16615.116 Loading class sun/security/ssl/PreSharedKeyExtension$CHPreSharedKeySpec
Event: 16615.117 Loading class sun/security/ssl/PreSharedKeyExtension$CHPreSharedKeySpec done
Event: 16615.117 Loading class sun/security/ssl/PreSharedKeyExtension$PartialClientHelloMessage
Event: 16615.117 Loading class sun/security/ssl/PreSharedKeyExtension$PartialClientHelloMessage done
Event: 16615.117 Loading class sun/security/ssl/SSLEngineOutputRecord
Event: 16615.118 Loading class sun/security/ssl/SSLEngineOutputRecord done
Event: 16615.118 Loading class sun/security/ssl/SSLEngineOutputRecord$HandshakeFragment
Event: 16615.119 Loading class sun/security/ssl/SSLEngineOutputRecord$HandshakeFragment done
Event: 16615.119 Loading class sun/security/ssl/SSLEngineOutputRecord$HandshakeMemo
Event: 16615.119 Loading class sun/security/ssl/SSLEngineOutputRecord$RecordMemo
Event: 16615.119 Loading class sun/security/ssl/SSLEngineOutputRecord$RecordMemo done
Event: 16615.119 Loading class sun/security/ssl/SSLEngineOutputRecord$HandshakeMemo done
Event: 16615.152 Loading class sun/security/ssl/PreSharedKeyExtension$SHPreSharedKeySpec
Event: 16615.152 Loading class sun/security/ssl/PreSharedKeyExtension$SHPreSharedKeySpec done
Event: 22287.180 Loading class jdk/internal/event/ThreadSleepEvent
Event: 22287.201 Loading class jdk/internal/event/ThreadSleepEvent done

Classes unloaded (0 events):
No events

Classes redefined (0 events):
No events

Internal exceptions (20 events):
Event: 16608.641 Thread 0x0000028be13bf1d0 Exception <a 'java/io/FileNotFoundException'{0x00000007175bc030}> (0x00000007175bc030) 
thrown [s\open\src\hotspot\share\prims\jni.cpp, line 520]
Event: 16608.641 Thread 0x0000028be13bf1d0 Exception <a 'java/io/FileNotFoundException'{0x00000007175bc9e0}> (0x00000007175bc9e0) 
thrown [s\open\src\hotspot\share\prims\jni.cpp, line 520]
Event: 16608.697 Thread 0x0000028be13bf1d0 Exception <a 'java/lang/NullPointerException'{0x0000000717249aa0}> (0x0000000717249aa0) 
thrown [s\open\src\hotspot\share\interpreter\linkResolver.cpp, line 1389]
Event: 16608.697 Thread 0x0000028be13bf1d0 Exception <a 'java/lang/NullPointerException'{0x0000000717249db0}> (0x0000000717249db0) 
thrown [s\open\src\hotspot\share\interpreter\linkResolver.cpp, line 1389]
Event: 16608.697 Thread 0x0000028be13bf1d0 Exception <a 'java/lang/NullPointerException'{0x000000071724a0c0}> (0x000000071724a0c0) 
thrown [s\open\src\hotspot\share\interpreter\linkResolver.cpp, line 1389]
Event: 16608.708 Thread 0x0000028be13bf1d0 Exception <a 'java/lang/NullPointerException'{0x000000071726c140}> (0x000000071726c140) 
thrown [s\open\src\hotspot\share\interpreter\linkResolver.cpp, line 1389]
Event: 16608.708 Thread 0x0000028be13bf1d0 Exception <a 'java/lang/NullPointerException'{0x000000071726c450}> (0x000000071726c450) 
thrown [s\open\src\hotspot\share\interpreter\linkResolver.cpp, line 1389]
Event: 16608.708 Thread 0x0000028be13bf1d0 Exception <a 'java/lang/NullPointerException'{0x000000071726c760}> (0x000000071726c760) 
thrown [s\open\src\hotspot\share\interpreter\linkResolver.cpp, line 1389]
Event: 16608.713 Thread 0x0000028be13bf1d0 Exception <a 'java/io/FileNotFoundException'{0x0000000717275bd0}> (0x0000000717275bd0) 
thrown [s\open\src\hotspot\share\prims\jni.cpp, line 520]
Event: 16608.713 Thread 0x0000028be13bf1d0 Exception <a 'java/io/FileNotFoundException'{0x0000000717276580}> (0x0000000717276580) 
thrown [s\open\src\hotspot\share\prims\jni.cpp, line 520]
Event: 16608.786 Thread 0x0000028be13bf1d0 Implicit null exception at 0x0000028b90161c14 to 0x0000028b9016227c
Event: 16609.844 Thread 0x0000028be13bf1d0 Implicit null exception at 0x0000028b90163410 to 0x0000028b90163a60
Event: 16609.899 Thread 0x0000028be13bf1d0 Exception <a 'sun/nio/fs/WindowsException'{0x0000000717370ba8}> (0x0000000717370ba8) 
thrown [s\open\src\hotspot\share\prims\jni.cpp, line 520]
Event: 16612.163 Thread 0x0000028be13bf1d0 Exception <a 'java/io/FileNotFoundException'{0x0000000719d9b348}> (0x0000000719d9b348) 
thrown [s\open\src\hotspot\share\prims\jni.cpp, line 520]
Event: 16612.165 Thread 0x0000028be13bf1d0 Exception <a 'java/io/FileNotFoundException'{0x0000000719da5000}> (0x0000000719da5000) 
thrown [s\open\src\hotspot\share\prims\jni.cpp, line 520]
Event: 16612.166 Thread 0x0000028be13bf1d0 Exception <a 'java/io/FileNotFoundException'{0x0000000719daef58}> (0x0000000719daef58) 
thrown [s\open\src\hotspot\share\prims\jni.cpp, line 520]
Event: 16612.166 Thread 0x0000028be13bf1d0 Exception <a 'java/io/FileNotFoundException'{0x0000000719db8e78}> (0x0000000719db8e78) 
thrown [s\open\src\hotspot\share\prims\jni.cpp, line 520]
Event: 22287.327 Thread 0x0000028be13bf1d0 Implicit null exception at 0x0000028b902d1e2e to 0x0000028b902d1e46
Event: 22287.394 Thread 0x0000028be13bf1d0 Implicit null exception at 0x0000028b903aa94a to 0x0000028b903aadf8
Event: 22287.394 Thread 0x0000028be13bf1d0 Implicit null exception at 0x0000028b90365427 to 0x0000028b9036c82c

VM Operations (20 events):
Event: 21411.073 Executing VM operation: RendezvousGCThreads
Event: 21411.073 Executing VM operation: RendezvousGCThreads done
Event: 21471.121 Executing VM operation: HandshakeAllThreads (HandshakeForDeflation)
Event: 21471.121 Executing VM operation: HandshakeAllThreads (HandshakeForDeflation) done
Event: 21471.121 Executing VM operation: RendezvousGCThreads
Event: 21471.121 Executing VM operation: RendezvousGCThreads done
Event: 21608.345 Executing VM operation: G1CollectForAllocation (G1 Evacuation Pause)
Event: 21608.357 Executing VM operation: G1CollectForAllocation (G1 Evacuation Pause) done
Event: 22285.999 Executing VM operation: HandshakeAllThreads (HandshakeForDeflation)
Event: 22285.999 Executing VM operation: HandshakeAllThreads (HandshakeForDeflation) done
Event: 22286.006 Executing VM operation: RendezvousGCThreads
Event: 22286.006 Executing VM operation: RendezvousGCThreads done
Event: 55708.290 Executing VM operation: HandshakeAllThreads (HandshakeForDeflation)
Event: 55708.290 Executing VM operation: HandshakeAllThreads (HandshakeForDeflation) done
Event: 55708.313 Executing VM operation: RendezvousGCThreads
Event: 55708.313 Executing VM operation: RendezvousGCThreads done
Event: 61876.401 Executing VM operation: HandshakeAllThreads (HandshakeForDeflation)
Event: 61876.401 Executing VM operation: HandshakeAllThreads (HandshakeForDeflation) done
Event: 61876.401 Executing VM operation: RendezvousGCThreads
Event: 61876.401 Executing VM operation: RendezvousGCThreads done

Memory protections (0 events):
No events

Nmethod flushes (20 events):
Event: 5.323 Thread 0x0000028bffda7490 flushing  nmethod 0x0000028b886f4c88
Event: 5.323 Thread 0x0000028bffda7490 flushing  nmethod 0x0000028b886f5808
Event: 5.323 Thread 0x0000028bffda7490 flushing  nmethod 0x0000028b886f6488
Event: 5.323 Thread 0x0000028bffda7490 flushing  nmethod 0x0000028b886f6908
Event: 5.323 Thread 0x0000028bffda7490 flushing  nmethod 0x0000028b8871f308
Event: 5.323 Thread 0x0000028bffda7490 flushing  nmethod 0x0000028b88722508
Event: 5.323 Thread 0x0000028bffda7490 flushing  nmethod 0x0000028b88723d88
Event: 5.323 Thread 0x0000028bffda7490 flushing  nmethod 0x0000028b88760c08
Event: 5.323 Thread 0x0000028bffda7490 flushing  nmethod 0x0000028b8878f008
Event: 5.323 Thread 0x0000028bffda7490 flushing  nmethod 0x0000028b887a5088
Event: 5.323 Thread 0x0000028bffda7490 flushing  nmethod 0x0000028b887a6108
Event: 5.323 Thread 0x0000028bffda7490 flushing  nmethod 0x0000028b887a6a08
Event: 5.323 Thread 0x0000028bffda7490 flushing  nmethod 0x0000028b887b4688
Event: 5.323 Thread 0x0000028bffda7490 flushing  nmethod 0x0000028b887b4f88
Event: 5.323 Thread 0x0000028bffda7490 flushing  nmethod 0x0000028b88839f08
Event: 5.323 Thread 0x0000028bffda7490 flushing  nmethod 0x0000028b8888f508
Event: 5.323 Thread 0x0000028bffda7490 flushing  nmethod 0x0000028b888bd388
Event: 5.323 Thread 0x0000028bffda7490 flushing  nmethod 0x0000028b88946308
Event: 5.323 Thread 0x0000028bffda7490 flushing  nmethod 0x0000028b889f0f08
Event: 5.323 Thread 0x0000028bffda7490 flushing  nmethod 0x0000028b88add188

Events (20 events):
Event: 0.816 Thread 0x0000028bdf32b5f0 Thread exited: 0x0000028bdf32b5f0
Event: 0.837 Thread 0x0000028bfa5d5110 Thread added: 0x0000028bdf283ad0
Event: 0.837 Thread 0x0000028bfa5d5110 Thread added: 0x0000028bdf54fcd0
Event: 1.124 Thread 0x0000028bffdda250 Thread added: 0x0000028bdf7d1e40
Event: 2.287 Thread 0x0000028bfa5d5110 Thread added: 0x0000028bdfeb53d0
Event: 2.289 Thread 0x0000028bdfeb53d0 Thread exited: 0x0000028bdfeb53d0
Event: 2.917 Thread 0x0000028bfa5d5110 Thread added: 0x0000028be09850e0
Event: 2.921 Thread 0x0000028be09850e0 Thread exited: 0x0000028be09850e0
Event: 4.821 Thread 0x0000028bfa5d5110 Thread added: 0x0000028be00c7670
Event: 4.825 Thread 0x0000028bfa5d5110 Thread added: 0x0000028be13bf1d0
Event: 4.838 Thread 0x0000028bfa5d5110 Thread exited: 0x0000028bfa5d5110
Event: 4.838 Thread 0x0000028bfa5d5110 Thread added: 0x0000028bfa5d5110
Event: 5.200 Thread 0x0000028bdf7d1e40 Thread exited: 0x0000028bdf7d1e40
Event: 5.443 Thread 0x0000028be13bf1d0 Thread added: 0x0000028bdf3fe810
Event: 16608.711 Thread 0x0000028bffdda250 Thread added: 0x0000028be07e9fe0
Event: 16609.483 Thread 0x0000028be07e9fe0 Thread exited: 0x0000028be07e9fe0
Event: 16610.284 Thread 0x0000028bffdda250 Thread added: 0x0000028be276e020
Event: 16610.420 Thread 0x0000028be276e020 Thread added: 0x0000028be02e6750
Event: 16611.062 Thread 0x0000028be02e6750 Thread exited: 0x0000028be02e6750
Event: 16611.062 Thread 0x0000028be276e020 Thread exited: 0x0000028be276e020


Dynamic libraries:
0x00007ff6f9020000 - 0x00007ff6f9030000 	C:\Users\royli\Downloads\jdk-23_windows-x64_bin\jdk-23\bin\java.exe
0x00007ffd95f20000 - 0x00007ffd96187000 	C:\WINDOWS\SYSTEM32\ntdll.dll
0x00007ffd948e0000 - 0x00007ffd949a9000 	C:\WINDOWS\System32\KERNEL32.DLL
0x00007ffd92eb0000 - 0x00007ffd932a7000 	C:\WINDOWS\System32\KERNELBASE.dll
0x00007ffd92a80000 - 0x00007ffd92bcb000 	C:\WINDOWS\System32\ucrtbase.dll
0x00007ffd76520000 - 0x00007ffd7653b000 	C:\Users\royli\Downloads\jdk-23_windows-x64_bin\jdk-23\bin\VCRUNTIME140.dll
0x00007ffd85880000 - 0x00007ffd85897000 	C:\Users\royli\Downloads\jdk-23_windows-x64_bin\jdk-23\bin\jli.dll
0x00007ffd93f70000 - 0x00007ffd94136000 	C:\WINDOWS\System32\USER32.dll
0x00007ffd77a80000 - 0x00007ffd77d12000 	C:\WINDOWS\WinSxS\amd64_microsoft.windows.common-controls_6595b64144ccf1df_6.0.26100.8328_none_3e08182ce334b678\COMCTL32.dll
0x00007ffd932b0000 - 0x00007ffd932d7000 	C:\WINDOWS\System32\win32u.dll
0x00007ffd93d90000 - 0x00007ffd93e39000 	C:\WINDOWS\System32\msvcrt.dll
0x00007ffd95650000 - 0x00007ffd9567b000 	C:\WINDOWS\System32\GDI32.dll
0x00007ffd92950000 - 0x00007ffd92a7c000 	C:\WINDOWS\System32\gdi32full.dll
0x00007ffd92e00000 - 0x00007ffd92ea3000 	C:\WINDOWS\System32\msvcp_win.dll
0x00007ffd946c0000 - 0x00007ffd946f2000 	C:\WINDOWS\System32\IMM32.DLL
0x00007ffd88f80000 - 0x00007ffd88f8c000 	C:\Users\royli\Downloads\jdk-23_windows-x64_bin\jdk-23\bin\vcruntime140_1.dll
0x00007ffd6d0c0000 - 0x00007ffd6d14e000 	C:\Users\royli\Downloads\jdk-23_windows-x64_bin\jdk-23\bin\msvcp140.dll
0x00007ffcc13d0000 - 0x00007ffcc211f000 	C:\Users\royli\Downloads\jdk-23_windows-x64_bin\jdk-23\bin\server\jvm.dll
0x00007ffd95c30000 - 0x00007ffd95ce6000 	C:\WINDOWS\System32\ADVAPI32.dll
0x00007ffd954d0000 - 0x00007ffd95577000 	C:\WINDOWS\System32\sechost.dll
0x00007ffd95680000 - 0x00007ffd95798000 	C:\WINDOWS\System32\RPCRT4.dll
0x00007ffd93ed0000 - 0x00007ffd93f50000 	C:\WINDOWS\System32\WS2_32.dll
0x00007ffd927d0000 - 0x00007ffd9282e000 	C:\WINDOWS\SYSTEM32\POWRPROF.dll
0x00007ffd8c310000 - 0x00007ffd8c346000 	C:\WINDOWS\SYSTEM32\WINMM.dll
0x00007ffd8c350000 - 0x00007ffd8c35b000 	C:\WINDOWS\SYSTEM32\VERSION.dll
0x00007ffd927b0000 - 0x00007ffd927c4000 	C:\WINDOWS\SYSTEM32\UMPDC.dll
0x00007ffd916b0000 - 0x00007ffd916cb000 	C:\WINDOWS\SYSTEM32\kernel.appcore.dll
0x00007ffd85ec0000 - 0x00007ffd85eca000 	C:\Users\royli\Downloads\jdk-23_windows-x64_bin\jdk-23\bin\jimage.dll
0x00007ffd87320000 - 0x00007ffd87562000 	C:\WINDOWS\SYSTEM32\DBGHELP.DLL
0x00007ffd957a0000 - 0x00007ffd95b23000 	C:\WINDOWS\System32\combase.dll
0x00007ffd953f0000 - 0x00007ffd954c9000 	C:\WINDOWS\System32\OLEAUT32.dll
0x00007ffd788d0000 - 0x00007ffd7890b000 	C:\WINDOWS\SYSTEM32\dbgcore.DLL
0x00007ffd92d50000 - 0x00007ffd92df8000 	C:\WINDOWS\System32\bcryptPrimitives.dll
0x00007ffd85870000 - 0x00007ffd8587f000 	C:\Users\royli\Downloads\jdk-23_windows-x64_bin\jdk-23\bin\instrument.dll
0x00007ffd6d440000 - 0x00007ffd6d45e000 	C:\Users\royli\Downloads\jdk-23_windows-x64_bin\jdk-23\bin\java.dll
0x00007ffd949b0000 - 0x00007ffd94b47000 	C:\WINDOWS\System32\ole32.dll
0x00007ffd94c70000 - 0x00007ffd953de000 	C:\WINDOWS\System32\SHELL32.dll
0x00007ffd93430000 - 0x00007ffd93c9c000 	C:\WINDOWS\System32\windows.storage.dll
0x00007ffd94b50000 - 0x00007ffd94c46000 	C:\WINDOWS\System32\SHCORE.dll
0x00007ffd94190000 - 0x00007ffd941f6000 	C:\WINDOWS\System32\shlwapi.dll
0x00007ffd92870000 - 0x00007ffd92899000 	C:\WINDOWS\SYSTEM32\profapi.dll
0x00007ffd58400000 - 0x00007ffd584d7000 	C:\Users\royli\Downloads\jdk-23_windows-x64_bin\jdk-23\bin\jsvml.dll
0x00007ffd6d2c0000 - 0x00007ffd6d2d7000 	C:\Users\royli\Downloads\jdk-23_windows-x64_bin\jdk-23\bin\zip.dll
0x00007ffd7ea80000 - 0x00007ffd7ea90000 	C:\Users\royli\Downloads\jdk-23_windows-x64_bin\jdk-23\bin\net.dll
0x00007ffd91c50000 - 0x00007ffd91cbc000 	C:\WINDOWS\system32\mswsock.dll
0x00007ffd6d2e0000 - 0x00007ffd6d2f6000 	C:\Users\royli\Downloads\jdk-23_windows-x64_bin\jdk-23\bin\nio.dll
0x00007ffd76510000 - 0x00007ffd76519000 	C:\Users\royli\Downloads\jdk-23_windows-x64_bin\jdk-23\bin\extnet.dll
0x00007ffd91f30000 - 0x00007ffd91f4b000 	C:\WINDOWS\SYSTEM32\CRYPTSP.dll
0x00007ffd91610000 - 0x00007ffd91649000 	C:\WINDOWS\system32\rsaenh.dll
0x00007ffd91d00000 - 0x00007ffd91d33000 	C:\WINDOWS\SYSTEM32\USERENV.dll
0x00007ffd92840000 - 0x00007ffd9286a000 	C:\WINDOWS\SYSTEM32\bcrypt.dll
0x00007ffd91f50000 - 0x00007ffd91f5c000 	C:\WINDOWS\SYSTEM32\CRYPTBASE.dll
0x00007ffd91090000 - 0x00007ffd910c2000 	C:\WINDOWS\SYSTEM32\IPHLPAPI.DLL
0x00007ffd93f60000 - 0x00007ffd93f6a000 	C:\WINDOWS\System32\NSI.dll
0x00007ffd762f0000 - 0x00007ffd762fa000 	C:\Users\royli\Downloads\jdk-23_windows-x64_bin\jdk-23\bin\management.dll
0x00007ffd762e0000 - 0x00007ffd762eb000 	C:\Users\royli\Downloads\jdk-23_windows-x64_bin\jdk-23\bin\management_ext.dll
0x00007ffd93d80000 - 0x00007ffd93d88000 	C:\WINDOWS\System32\PSAPI.DLL
0x00007ffd91120000 - 0x00007ffd91252000 	C:\WINDOWS\SYSTEM32\DNSAPI.dll
0x00007ffd8bda0000 - 0x00007ffd8bdab000 	C:\Windows\System32\rasadhlp.dll
0x00007ffd8dcf0000 - 0x00007ffd8dd76000 	C:\WINDOWS\System32\fwpuclnt.dll
0x00007ffd79fb0000 - 0x00007ffd79fbe000 	C:\Users\royli\Downloads\jdk-23_windows-x64_bin\jdk-23\bin\sunmscapi.dll
0x00007ffd92bd0000 - 0x00007ffd92d48000 	C:\WINDOWS\System32\CRYPT32.dll
0x00007ffd92150000 - 0x00007ffd92180000 	C:\WINDOWS\SYSTEM32\ncrypt.dll
0x00007ffd92100000 - 0x00007ffd9213f000 	C:\WINDOWS\SYSTEM32\NTASN1.dll
0x00007ffd336e0000 - 0x00007ffd336e8000 	C:\WINDOWS\system32\wshunix.dll
0x00007ffd74ac0000 - 0x00007ffd74ad8000 	C:\WINDOWS\system32\napinsp.dll
0x00007ffd70340000 - 0x00007ffd70353000 	C:\WINDOWS\System32\winrnr.dll
0x00007ffd70310000 - 0x00007ffd70332000 	C:\WINDOWS\system32\nlansp_c.dll
0x00007ffd6f640000 - 0x00007ffd6f656000 	C:\WINDOWS\system32\wshbth.dll

dbghelp: loaded successfully - version: 4.0.5 - missing functions: none
symbol engine: initialized successfully - sym options: 0x614 - pdb path: .;C:\Users\royli\Downloads\jdk-23_windows-x64_bin\jdk-23\bin;C:\WINDOWS\SYSTEM32;C:\WINDOWS\WinSxS\amd64_microsoft.windows.common-controls_6595b64144ccf1df_6.0.26100.8328_none_3e08182ce334b678;C:\Users\royli\Downloads\jdk-23_windows-x64_bin\jdk-23\bin\server

VM Arguments:
jvm_args: -javaagent:C:\Program Files\JetBrains\IntelliJ IDEA Community Edition 2025.1.1.1\lib\idea_rt.jar=59053 -Dfile.encoding=UTF-8 -Dsun.stdout.encoding=UTF-8 -Dsun.stderr.encoding=UTF-8 
java_command: notification_service.NotificationServiceApplication
java_class_path (initial): C:\Users\royli\OneDrive\Desktop\payflow\notification-service\target\classes;C:\Users\royli\.m2\repository\org\springframework\boot\spring-boot-starter-kafka\4.0.6\spring-boot-starter-kafka-4.0.6.jar;C:\Users\royli\.m2\repository\org\springframework\boot\spring-boot-starter\4.0.6\spring-boot-starter-4.0.6.jar;C:\Users\royli\.m2\repository\org\springframework\boot\spring-boot-starter-logging\4.0.6\spring-boot-starter-logging-4.0.6.jar;C:\Users\royli\.m2\repository\ch\qos\logback\logback-classic\1.5.32\logback-classic-1.5.32.jar;C:\Users\royli\.m2\repository\ch\qos\logback\logback-core\1.5.32\logback-core-1.5.32.jar;C:\Users\royli\.m2\repository\org\apache\logging\log4j\log4j-to-slf4j\2.25.4\log4j-to-slf4j-2.25.4.jar;C:\Users\royli\.m2\repository\org\slf4j\jul-to-slf4j\2.0.17\jul-to-slf4j-2.0.17.jar;C:\Users\royli\.m2\repository\org\springframework\boot\spring-boot-autoconfigure\4.0.6\spring-boot-autoconfigure-4.0.6.jar;C:\Users\royli\.m2\repository\jakarta\annotation\jakarta.annotation-api\3.0.0\jakarta.annotation-api-3.0.0.jar;C:\Users\royli\.m2\repository\org\yaml\snakeyaml\2.5\snakeyaml-2.5.jar;C:\Users\royli\.m2\repository\org\springframework\boot\spring-boot-kafka\4.0.6\spring-boot-kafka-4.0.6.jar;C:\Users\royli\.m2\repository\org\springframework\boot\spring-boot\4.0.6\spring-boot-4.0.6.jar;C:\Users\royli\.m2\repository\org\springframework\boot\spring-boot-transaction\4.0.6\spring-boot-transaction-4.0.6.jar;C:\Users\royli\.m2\repository\org\springframework\boot\spring-boot-persistence\4.0.6\spring-boot-persistence-4.0.6.jar;C:\Users\royli\.m2\repository\org\springframework\spring-tx\7.0.7\spring-tx-7.0.7.jar;C:\Users\royli\.m2\repository\org\springframework\kafka\spring-kafka\4.0.5\spring-kafka-4.0.5.jar;C:\Users\royli\.m2\repository\org\springframework\spring-messaging\7.0.7\spring-messaging-7.0.7.jar;C:\Users\royli\.m2\repository\org\apache\kafka\kafka-clients\4.1.2\kafka-clients-4.1.2.jar;C:\Users\royli\.m2\repository\io\micrometer\micrometer-observation\1.16.5\micrometer-observation-1.16.5.jar;C:\Users\royli\.m2\repository\io\micrometer\micrometer-commons\1.16.5\micrometer-commons-1.16.5.jar;C:\Users\royli\.m2\repository\org\projectlombok\lombok\1.18.46\lombok-1.18.46.jar;C:\Users\royli\.m2\repository\jakarta\activation\jakarta.activation-api\2.1.4\jakarta.activation-api-2.1.4.jar;C:\Users\royli\.m2\repository\org\springframework\spring-core\7.0.7\spring-core-7.0.7.jar;C:\Users\royli\.m2\repository\commons-logging\commons-logging\1.3.6\commons-logging-1.3.6.jar;C:\Users\royli\.m2\repository\org\jspecify\jspecify\1.0.0\jspecify-1.0.0.jar;C:\Users\royli\.m2\repository\org\slf4j\slf4j-api\2.0.17\slf4j-api-2.0.17.jar;C:\Users\royli\.m2\repository\org\springframework\spring-context\7.0.7\spring-context-7.0.7.jar;C:\Users\royli\.m2\repository\org\springframework\spring-aop\7.0.7\spring-aop-7.0.7.jar;C:\Users\royli\.m2\repository\org\springframework\spring-beans\7.0.7\spring-beans-7.0.7.jar;C:\Users\royli\.m2\repository\org\springframework\spring-expression\7.0.7\spring-expression-7.0.7.jar;C:\Users\royli\.m2\repository\com\github\luben\zstd-jni\1.5.6-10\zstd-jni-1.5.6-10.jar;C:\Users\royli\.m2\repository\at\yawk\lz4\lz4-java\1.10.1\lz4-java-1.10.1.jar;C:\Users\royli\.m2\repository\org\xerial\snappy\snappy-java\1.1.10.7\snappy-java-1.1.10.7.jar;C:\Users\royli\.m2\repository\org\apache\logging\log4j\log4j-api\2.25.4\log4j-api-2.25.4.jar;C:\Users\royli\.m2\repository\org\springframework\boot\spring-boot-starter-mail\4.0.6\spring-boot-starter-mail-4.0.6.jar;C:\Users\royli\.m2\repository\org\springframework\boot\spring-boot-mail\4.0.6\spring-boot-mail-4.0.6.jar;C:\Users\royli\.m2\repository\org\springframework\spring-context-support\7.0.7\spring-context-support-7.0.7.jar;C:\Users\royli\.m2\repository\jakarta\mail\jakarta.mail-api\2.1.5\jakarta.mail-api-2.1.5.jar;C:\Users\royli\.m2\repository\org\eclipse\angus\angus-mail\2.0.5\angus-mail-2.0.5.jar;C:\Users\royli\.m2\repository\org\eclipse\angus\angus-activation\2.0.3\angus-activation-2.0.3.jar;C:\Users\royli\.m2\repository\com\fasterxml\jackson\core\jackson-databind\2.21.2\jackson-databind-2.21.2.jar;C:\Users\royli\.m2\repository\com\fasterxml\jackson\core\jackson-annotations\2.21\jackson-annotations-2.21.jar;C:\Users\royli\.m2\repository\com\fasterxml\jackson\core\jackson-core\2.21.2\jackson-core-2.21.2.jar
Launcher Type: SUN_STANDARD

[Global flags]
     intx CICompilerCount                          = 4                                         {product} {ergonomic}
     uint ConcGCThreads                            = 3                                         {product} {ergonomic}
     uint G1ConcRefinementThreads                  = 10                                        {product} {ergonomic}
   size_t G1HeapRegionSize                         = 2097152                                   {product} {ergonomic}
   size_t InitialHeapSize                          = 257949696                                 {product} {ergonomic}
   size_t MarkStackSize                            = 4194304                                   {product} {ergonomic}
   size_t MarkStackSizeMax                         = 536870912                                 {product} {ergonomic}
   size_t MaxHeapSize                              = 4118806528                                {product} {ergonomic}
   size_t MaxNewSize                               = 2470445056                                {product} {ergonomic}
   size_t MinHeapDeltaBytes                        = 2097152                                   {product} {ergonomic}
   size_t MinHeapSize                              = 8388608                                   {product} {ergonomic}
    uintx NonNMethodCodeHeapSize                   = 5832704                                {pd product} {ergonomic}
    uintx NonProfiledCodeHeapSize                  = 122945536                              {pd product} {ergonomic}
    uintx ProfiledCodeHeapSize                     = 122880000                              {pd product} {ergonomic}
    uintx ReservedCodeCacheSize                    = 251658240                              {pd product} {ergonomic}
     bool SegmentedCodeCache                       = true                                      {product} {ergonomic}
   size_t SoftMaxHeapSize                          = 4118806528                             {manageable} {ergonomic}
     bool UseCompressedOops                        = true                           {product lp64_product} {ergonomic}
     bool UseG1GC                                  = true                                      {product} {ergonomic}
     bool UseLargePagesIndividualAllocation        = false                                  {pd product} {ergonomic}

Logging:
Log output configuration:
 #0: stdout all=warning uptime,level,tags foldmultilines=false
 #1: stderr all=off uptime,level,tags foldmultilines=false

Environment Variables:
JAVA_HOME=C:\Java\jdk-21.0.9+10
PATH=JAVA_HOME;C:\Python312\Scripts\;C:\Python312\;C:\Program Files\Python311\Scripts\;C:\Program Files\Python311\;C:\windows\system32;C:\windows;C:\windows\System32\Wbem;C:\windows\System32\WindowsPowerShell\v1.0\;C:\windows\System32\OpenSSH\;C:\Program Files (x86)\NVIDIA Corporation\PhysX\Common;C:\Program Files\NVIDIA Corporation\NVIDIA NvDLISR;C:\Program Files (x86)\Common Files\Adobe\AGL;C:\MinGW\bin;C:\Program Files\Git\cmd;C:\Users\royli\anaconda3\Scripts;C:\Users\royli\anaconda3\Library\bin;C:\WINDOWS\system32;C:\WINDOWS;C:\WINDOWS\System32\Wbem;C:\WINDOWS\System32\WindowsPowerShell\v1.0\;C:\WINDOWS\System32\OpenSSH\;C:\Program Files\nodejs\;C:\ProgramData\chocolatey\bin;C:\Program Files\MongoDB\Server\8.0\bin;Maven_Home\bin;C:\Users\royli\Springboot\apache-maven-3.9.9\bin;C:\Program Files\heroku\bin;C:\Program Files\Docker\Docker\resources\bin;C:\Python312\Scripts\;C:\Python312\;C:\Program Files\Python311\Scripts\;C:\Program Files\Python311\;C:\windows\system32;C:\windows;C:\windows\System32\Wbem;C:\windows\System32\WindowsPowerShell\v1.0\;C:\windows\System32\OpenSSH\;C:\Program Files (x86)\NVIDIA Corporation\PhysX\Common;C:\Program Files\NVIDIA Corporation\NVIDIA NvDLISR;C:\Program Files (x86)\Common Files\Adobe\AGL;C:\MinGW\bin;C:\Program Files\Git\cmd;C:\Program Files\HP\HP One Agent;C:\Users\royli\anaconda3\Scripts;C:\Users\royli\anaconda3\Library\bin;C:\WINDOWS\system32;C:\WINDOWS;C:\WINDOWS\System32\Wbem;C:\WINDOWS\System32\WindowsPowerShell\v1.0\;C:\WINDOWS\System32\OpenSSH\;C:\Program Files\nodejs\;C:\ProgramData\chocolatey\bin;C:\Program Files\Docker\Docker\resources\bin;C:\Program Files\MongoDB\Server\8.0\bin;Maven_Home\bin;C:\Users\royli\Springboot\apache-maven-3.9.9\bin;JAVA_HOME\bin;C:\Program Files\Java\jdk-17\bin;C:;C:\Users\royli\AppData\Local\Programs\Microsoft VS Code\bin;E:\cursor\resources\app\bin;C:\Program Files\JetBrains\IntelliJ IDEA 2025.2.3\bin;
USERNAME=royli
OS=Windows_NT
PROCESSOR_IDENTIFIER=AMD64 Family 25 Model 80 Stepping 0, AuthenticAMD
TMP=C:\Users\royli\AppData\Local\Temp
TEMP=C:\Users\royli\AppData\Local\Temp




Periodic native trim disabled

---------------  S Y S T E M  ---------------

OS:
 Windows 11 , 64 bit Build 26100 (10.0.26100.8328)
OS uptime: 6 days 23:38 hours
Hyper-V role detected

CPU: total 12 (initial active 12) (12 cores per cpu, 2 threads per core) family 25 model 80 stepping 0 microcode 0xa50000f, cx8, cmov, fxsr, ht, mmx, 3dnowpref, sse, sse2, sse3, ssse3, sse4a, sse4.1, sse4.2, popcnt, lzcnt, tsc, tscinvbit, avx, avx2, aes, erms, clmul, bmi1, bmi2, adx, sha, fma, vzeroupper, clflush, clflushopt, hv, rdtscp, rdpid, fsrm, f16c, cet_ss
Processor Information for the first 12 processors :
  Max Mhz: 3301, Current Mhz: 3301, Mhz Limit: 3301

Memory: 4k page, system-wide physical 15710M (1449M free)
TotalPageFile size 27948M (AvailPageFile size 3M)
current process WorkingSet (physical memory assigned to process): 84M, peak: 177M
current process commit charge ("private bytes"): 222M, peak: 408M

vm_info: Java HotSpot(TM) 64-Bit Server VM (23+37-2369) for windows-amd64 JRE (23+37-2369), built on 2024-08-20T16:01:23Z with MS VC++ 17.6 (VS2022)

END.
